// Jest Snapshot v1, https://goo.gl/fbAQLP

exports[`<Loading /> creates a Loading component 1`] = `
<DocumentFragment>
  <div
    class="styles__Loading-sc-1i1g6rm-0 ZQuQI"
  />
</DocumentFragment>
`;
