// Jest Snapshot v1, https://goo.gl/fbAQLP

exports[`<Footer /> creates a Footer component 1`] = `
<DocumentFragment>
  <footer
    class="Footer__StyledButton-zgi4km-0 bSKKpt"
  />
</DocumentFragment>
`;
