// Jest Snapshot v1, https://goo.gl/fbAQLP

exports[`<Button /> creates a Button component 1`] = `
<DocumentFragment>
  <button
    class="Button__StyledButton-pzevnv-0 iLzPQp"
  />
</DocumentFragment>
`;
