// Jest Snapshot v1, https://goo.gl/fbAQLP

exports[`<InsideContainer /> creates a InsideContainer component 1`] = `
<DocumentFragment>
  <div
    class="InsideContainer__Container-sc-1t900ay-0 cAJihm"
  />
</DocumentFragment>
`;
